// Jest Snapshot v1, https://goo.gl/fbAQLP

exports[`Home Page Snap 1`] = `
<Provider
  store={
    Object {
      "dispatch": [Function],
      "getState": [Function],
      "replaceReducer": [Function],
      "subscribe": [Function],
      Symbol(observable): [Function],
    }
  }
>
  <BrowserRouter>
    <div
      className="App"
    >
      <withRouter(Navigation) />
      <Switch>
        <Route
          component={
            Object {
              "$$typeof": Symbol(react.memo),
              "WrappedComponent": [Function],
              "compare": null,
              "type": [Function],
            }
          }
          exact={true}
          path="/"
        />
        <Route
          component={
            Object {
              "$$typeof": Symbol(react.memo),
              "WrappedComponent": [Function],
              "compare": null,
              "type": [Function],
            }
          }
          exact={true}
          path="/AddIssue"
        />
        <Route
          component={
            Object {
              "$$typeof": Symbol(react.memo),
              "WrappedComponent": [Function],
              "compare": null,
              "type": [Function],
            }
          }
          exact={true}
          path="/Login"
        />
        <Route
          component={
            Object {
              "$$typeof": Symbol(react.memo),
              "WrappedComponent": [Function],
              "compare": null,
              "type": [Function],
            }
          }
          exact={true}
          path="/Register"
        />
        <ProtectedRoute
          component={[Function]}
          exact={true}
          path="/issue/:id"
        />
        <Route
          component={[Function]}
          exact={true}
          path="/editIssue/:id"
        />
        <Route
          component={[Function]}
          exact={true}
          path="/TopIssues"
        />
      </Switch>
    </div>
  </BrowserRouter>
</Provider>
`;
