// Jest Snapshot v1, https://goo.gl/fbAQLP

exports[`Login Screen Test 1`] = `ShallowWrapper {}`;
